// Jest Snapshot v1, https://goo.gl/fbAQLP

exports[`tailwind-bootstrap-grid should handle custom prefix and separator 1`] = `
".\\\\2705-container {
  width: 100%;
  margin-right: auto;
  margin-left: auto;
  padding-right: 15px;
  padding-left: 15px;
}

@media (min-width: 60em) {
  .\\\\2705-container {
    max-width: 20em;
  }
}

@media (min-width: 80em) {
  .\\\\2705-container {
    max-width: 40em;
  }
}

@media (min-width: 120em) {
  .\\\\2705-container {
    max-width: 60em;
  }
}

.\\\\2705-row.\\\\2705-no-gutters {
  margin-right: 0;
  margin-left: 0;
}

.\\\\2705-row.\\\\2705-no-gutters > .\\\\2705-col,

.\\\\2705-row.\\\\2705-no-gutters > .\\\\2705-mobile_\\\\1F6A7_col,

.\\\\2705-row.\\\\2705-no-gutters > .\\\\2705-tablet_\\\\1F6A7_col,

.\\\\2705-row.\\\\2705-no-gutters > .\\\\2705-desktop_\\\\1F6A7_col,

.\\\\2705-row.\\\\2705-no-gutters > [class*=\\"col-\\"],

.\\\\2705-row.\\\\2705-no-gutters > [class*=\\"mobile_\\\\1F6A7_col-\\"],

.\\\\2705-row.\\\\2705-no-gutters > [class*=\\"tablet_\\\\1F6A7_col-\\"],

.\\\\2705-row.\\\\2705-no-gutters > [class*=\\"desktop_\\\\1F6A7_col-\\"] {
  padding-right: 0;
  padding-left: 0;
}

.\\\\2705-container-fluid {
  width: 100%;
  padding-right: 15px;
  padding-left: 15px;
  margin-right: auto;
  margin-left: auto;
}

.\\\\2705-row {
  display: flex;
  flex-wrap: wrap;
  margin-left: -15px;
  margin-right: -15px;
}

.\\\\2705-col,
.\\\\2705-mobile_\\\\1F6A7_col,
.\\\\2705-tablet_\\\\1F6A7_col,
.\\\\2705-desktop_\\\\1F6A7_col,
.\\\\2705-col-auto,
.\\\\2705-mobile_\\\\1F6A7_col-auto,
.\\\\2705-tablet_\\\\1F6A7_col-auto,
.\\\\2705-desktop_\\\\1F6A7_col-auto,
.\\\\2705-col-1,
.\\\\2705-mobile_\\\\1F6A7_col-1,
.\\\\2705-tablet_\\\\1F6A7_col-1,
.\\\\2705-desktop_\\\\1F6A7_col-1,
.\\\\2705-col-2,
.\\\\2705-mobile_\\\\1F6A7_col-2,
.\\\\2705-tablet_\\\\1F6A7_col-2,
.\\\\2705-desktop_\\\\1F6A7_col-2,
.\\\\2705-col-3,
.\\\\2705-mobile_\\\\1F6A7_col-3,
.\\\\2705-tablet_\\\\1F6A7_col-3,
.\\\\2705-desktop_\\\\1F6A7_col-3 {
  position: relative;
  width: 100%;
  padding-right: 15px;
  padding-left: 15px;
}

.\\\\2705-col {
  flex-basis: 0;
  flex-grow: 1;
  max-width: 100%;
}

.\\\\2705-col-auto {
  flex: 0 0 auto;
  width: auto;
  max-width: 100%;
}

.\\\\2705-col-1 {
  flex: 0 0 33.333333333333336%;
  max-width: 33.333333333333336%;
}

.\\\\2705-col-2 {
  flex: 0 0 66.66666666666667%;
  max-width: 66.66666666666667%;
}

.\\\\2705-col-3 {
  flex: 0 0 100%;
  max-width: 100%;
}

.\\\\2705-order-first {
  order: -1;
}

.\\\\2705-order-last {
  order: 4;
}

.\\\\2705-order-0 {
  order: 0;
}

.\\\\2705-order-1 {
  order: 1;
}

.\\\\2705-order-2 {
  order: 2;
}

.\\\\2705-order-3 {
  order: 3;
}

.\\\\2705-offset-0 {
  margin-left: 0%;
}

.\\\\2705-offset-1 {
  margin-left: 33.333333333333336%;
}

.\\\\2705-offset-2 {
  margin-left: 66.66666666666667%;
}

@media (min-width: 60em) {
  .mobile_\\\\1F6A7_\\\\2705-container-fluid {
    width: 100%;
    padding-right: 15px;
    padding-left: 15px;
    margin-right: auto;
    margin-left: auto;
  }

  .mobile_\\\\1F6A7_\\\\2705-col {
    flex-basis: 0;
    flex-grow: 1;
    max-width: 100%;
  }

  .mobile_\\\\1F6A7_\\\\2705-col-auto {
    flex: 0 0 auto;
    width: auto;
    max-width: 100%;
  }

  .mobile_\\\\1F6A7_\\\\2705-col-1 {
    flex: 0 0 33.333333333333336%;
    max-width: 33.333333333333336%;
  }

  .mobile_\\\\1F6A7_\\\\2705-col-2 {
    flex: 0 0 66.66666666666667%;
    max-width: 66.66666666666667%;
  }

  .mobile_\\\\1F6A7_\\\\2705-col-3 {
    flex: 0 0 100%;
    max-width: 100%;
  }

  .mobile_\\\\1F6A7_\\\\2705-order-first {
    order: -1;
  }

  .mobile_\\\\1F6A7_\\\\2705-order-last {
    order: 4;
  }

  .mobile_\\\\1F6A7_\\\\2705-order-0 {
    order: 0;
  }

  .mobile_\\\\1F6A7_\\\\2705-order-1 {
    order: 1;
  }

  .mobile_\\\\1F6A7_\\\\2705-order-2 {
    order: 2;
  }

  .mobile_\\\\1F6A7_\\\\2705-order-3 {
    order: 3;
  }

  .mobile_\\\\1F6A7_\\\\2705-offset-0 {
    margin-left: 0%;
  }

  .mobile_\\\\1F6A7_\\\\2705-offset-1 {
    margin-left: 33.333333333333336%;
  }

  .mobile_\\\\1F6A7_\\\\2705-offset-2 {
    margin-left: 66.66666666666667%;
  }
}

@media (min-width: 80em) {
  .tablet_\\\\1F6A7_\\\\2705-container-fluid {
    width: 100%;
    padding-right: 15px;
    padding-left: 15px;
    margin-right: auto;
    margin-left: auto;
  }

  .tablet_\\\\1F6A7_\\\\2705-col {
    flex-basis: 0;
    flex-grow: 1;
    max-width: 100%;
  }

  .tablet_\\\\1F6A7_\\\\2705-col-auto {
    flex: 0 0 auto;
    width: auto;
    max-width: 100%;
  }

  .tablet_\\\\1F6A7_\\\\2705-col-1 {
    flex: 0 0 33.333333333333336%;
    max-width: 33.333333333333336%;
  }

  .tablet_\\\\1F6A7_\\\\2705-col-2 {
    flex: 0 0 66.66666666666667%;
    max-width: 66.66666666666667%;
  }

  .tablet_\\\\1F6A7_\\\\2705-col-3 {
    flex: 0 0 100%;
    max-width: 100%;
  }

  .tablet_\\\\1F6A7_\\\\2705-order-first {
    order: -1;
  }

  .tablet_\\\\1F6A7_\\\\2705-order-last {
    order: 4;
  }

  .tablet_\\\\1F6A7_\\\\2705-order-0 {
    order: 0;
  }

  .tablet_\\\\1F6A7_\\\\2705-order-1 {
    order: 1;
  }

  .tablet_\\\\1F6A7_\\\\2705-order-2 {
    order: 2;
  }

  .tablet_\\\\1F6A7_\\\\2705-order-3 {
    order: 3;
  }

  .tablet_\\\\1F6A7_\\\\2705-offset-0 {
    margin-left: 0%;
  }

  .tablet_\\\\1F6A7_\\\\2705-offset-1 {
    margin-left: 33.333333333333336%;
  }

  .tablet_\\\\1F6A7_\\\\2705-offset-2 {
    margin-left: 66.66666666666667%;
  }
}

@media (min-width: 120em) {
  .desktop_\\\\1F6A7_\\\\2705-container-fluid {
    width: 100%;
    padding-right: 15px;
    padding-left: 15px;
    margin-right: auto;
    margin-left: auto;
  }

  .desktop_\\\\1F6A7_\\\\2705-col {
    flex-basis: 0;
    flex-grow: 1;
    max-width: 100%;
  }

  .desktop_\\\\1F6A7_\\\\2705-col-auto {
    flex: 0 0 auto;
    width: auto;
    max-width: 100%;
  }

  .desktop_\\\\1F6A7_\\\\2705-col-1 {
    flex: 0 0 33.333333333333336%;
    max-width: 33.333333333333336%;
  }

  .desktop_\\\\1F6A7_\\\\2705-col-2 {
    flex: 0 0 66.66666666666667%;
    max-width: 66.66666666666667%;
  }

  .desktop_\\\\1F6A7_\\\\2705-col-3 {
    flex: 0 0 100%;
    max-width: 100%;
  }

  .desktop_\\\\1F6A7_\\\\2705-order-first {
    order: -1;
  }

  .desktop_\\\\1F6A7_\\\\2705-order-last {
    order: 4;
  }

  .desktop_\\\\1F6A7_\\\\2705-order-0 {
    order: 0;
  }

  .desktop_\\\\1F6A7_\\\\2705-order-1 {
    order: 1;
  }

  .desktop_\\\\1F6A7_\\\\2705-order-2 {
    order: 2;
  }

  .desktop_\\\\1F6A7_\\\\2705-order-3 {
    order: 3;
  }

  .desktop_\\\\1F6A7_\\\\2705-offset-0 {
    margin-left: 0%;
  }

  .desktop_\\\\1F6A7_\\\\2705-offset-1 {
    margin-left: 33.333333333333336%;
  }

  .desktop_\\\\1F6A7_\\\\2705-offset-2 {
    margin-left: 66.66666666666667%;
  }
}
"
`;

exports[`tailwind-bootstrap-grid should handle defaults 1`] = `
".container {
  width: 100%;
  margin-right: auto;
  margin-left: auto;
  padding-right: 15px;
  padding-left: 15px;
}

@media (min-width: 1em) {
  .container {
    max-width: 1em;
  }
}

@media (min-width: 2em) {
  .container {
    max-width: 2em;
  }
}

@media (min-width: 3em) {
  .container {
    max-width: 3em;
  }
}

.row.no-gutters {
  margin-right: 0;
  margin-left: 0;
}

.row.no-gutters > .col,

.row.no-gutters > .mobile\\\\:col,

.row.no-gutters > .tablet\\\\:col,

.row.no-gutters > .desktop\\\\:col,

.row.no-gutters > [class*=\\"col-\\"],

.row.no-gutters > [class*=\\"mobile\\\\:col-\\"],

.row.no-gutters > [class*=\\"tablet\\\\:col-\\"],

.row.no-gutters > [class*=\\"desktop\\\\:col-\\"] {
  padding-right: 0;
  padding-left: 0;
}

.container-fluid {
  width: 100%;
  padding-right: 15px;
  padding-left: 15px;
  margin-right: auto;
  margin-left: auto;
}

.row {
  display: flex;
  flex-wrap: wrap;
  margin-left: -15px;
  margin-right: -15px;
}

.col,
.mobile\\\\:col,
.tablet\\\\:col,
.desktop\\\\:col,
.col-auto,
.mobile\\\\:col-auto,
.tablet\\\\:col-auto,
.desktop\\\\:col-auto,
.col-1,
.mobile\\\\:col-1,
.tablet\\\\:col-1,
.desktop\\\\:col-1,
.col-2,
.mobile\\\\:col-2,
.tablet\\\\:col-2,
.desktop\\\\:col-2,
.col-3,
.mobile\\\\:col-3,
.tablet\\\\:col-3,
.desktop\\\\:col-3,
.col-4,
.mobile\\\\:col-4,
.tablet\\\\:col-4,
.desktop\\\\:col-4,
.col-5,
.mobile\\\\:col-5,
.tablet\\\\:col-5,
.desktop\\\\:col-5,
.col-6,
.mobile\\\\:col-6,
.tablet\\\\:col-6,
.desktop\\\\:col-6,
.col-7,
.mobile\\\\:col-7,
.tablet\\\\:col-7,
.desktop\\\\:col-7,
.col-8,
.mobile\\\\:col-8,
.tablet\\\\:col-8,
.desktop\\\\:col-8,
.col-9,
.mobile\\\\:col-9,
.tablet\\\\:col-9,
.desktop\\\\:col-9,
.col-10,
.mobile\\\\:col-10,
.tablet\\\\:col-10,
.desktop\\\\:col-10,
.col-11,
.mobile\\\\:col-11,
.tablet\\\\:col-11,
.desktop\\\\:col-11,
.col-12,
.mobile\\\\:col-12,
.tablet\\\\:col-12,
.desktop\\\\:col-12 {
  position: relative;
  width: 100%;
  padding-right: 15px;
  padding-left: 15px;
}

.col {
  flex-basis: 0;
  flex-grow: 1;
  max-width: 100%;
}

.col-auto {
  flex: 0 0 auto;
  width: auto;
  max-width: 100%;
}

.col-1 {
  flex: 0 0 8.333333333333334%;
  max-width: 8.333333333333334%;
}

.col-2 {
  flex: 0 0 16.666666666666668%;
  max-width: 16.666666666666668%;
}

.col-3 {
  flex: 0 0 25%;
  max-width: 25%;
}

.col-4 {
  flex: 0 0 33.333333333333336%;
  max-width: 33.333333333333336%;
}

.col-5 {
  flex: 0 0 41.66666666666667%;
  max-width: 41.66666666666667%;
}

.col-6 {
  flex: 0 0 50%;
  max-width: 50%;
}

.col-7 {
  flex: 0 0 58.333333333333336%;
  max-width: 58.333333333333336%;
}

.col-8 {
  flex: 0 0 66.66666666666667%;
  max-width: 66.66666666666667%;
}

.col-9 {
  flex: 0 0 75%;
  max-width: 75%;
}

.col-10 {
  flex: 0 0 83.33333333333334%;
  max-width: 83.33333333333334%;
}

.col-11 {
  flex: 0 0 91.66666666666667%;
  max-width: 91.66666666666667%;
}

.col-12 {
  flex: 0 0 100%;
  max-width: 100%;
}

.order-first {
  order: -1;
}

.order-last {
  order: 13;
}

.order-0 {
  order: 0;
}

.order-1 {
  order: 1;
}

.order-2 {
  order: 2;
}

.order-3 {
  order: 3;
}

.order-4 {
  order: 4;
}

.order-5 {
  order: 5;
}

.order-6 {
  order: 6;
}

.order-7 {
  order: 7;
}

.order-8 {
  order: 8;
}

.order-9 {
  order: 9;
}

.order-10 {
  order: 10;
}

.order-11 {
  order: 11;
}

.order-12 {
  order: 12;
}

.offset-0 {
  margin-left: 0%;
}

.offset-1 {
  margin-left: 8.333333333333334%;
}

.offset-2 {
  margin-left: 16.666666666666668%;
}

.offset-3 {
  margin-left: 25%;
}

.offset-4 {
  margin-left: 33.333333333333336%;
}

.offset-5 {
  margin-left: 41.66666666666667%;
}

.offset-6 {
  margin-left: 50%;
}

.offset-7 {
  margin-left: 58.333333333333336%;
}

.offset-8 {
  margin-left: 66.66666666666667%;
}

.offset-9 {
  margin-left: 75%;
}

.offset-10 {
  margin-left: 83.33333333333334%;
}

.offset-11 {
  margin-left: 91.66666666666667%;
}

@media (min-width: 1em) {
  .mobile\\\\:container-fluid {
    width: 100%;
    padding-right: 15px;
    padding-left: 15px;
    margin-right: auto;
    margin-left: auto;
  }

  .mobile\\\\:col {
    flex-basis: 0;
    flex-grow: 1;
    max-width: 100%;
  }

  .mobile\\\\:col-auto {
    flex: 0 0 auto;
    width: auto;
    max-width: 100%;
  }

  .mobile\\\\:col-1 {
    flex: 0 0 8.333333333333334%;
    max-width: 8.333333333333334%;
  }

  .mobile\\\\:col-2 {
    flex: 0 0 16.666666666666668%;
    max-width: 16.666666666666668%;
  }

  .mobile\\\\:col-3 {
    flex: 0 0 25%;
    max-width: 25%;
  }

  .mobile\\\\:col-4 {
    flex: 0 0 33.333333333333336%;
    max-width: 33.333333333333336%;
  }

  .mobile\\\\:col-5 {
    flex: 0 0 41.66666666666667%;
    max-width: 41.66666666666667%;
  }

  .mobile\\\\:col-6 {
    flex: 0 0 50%;
    max-width: 50%;
  }

  .mobile\\\\:col-7 {
    flex: 0 0 58.333333333333336%;
    max-width: 58.333333333333336%;
  }

  .mobile\\\\:col-8 {
    flex: 0 0 66.66666666666667%;
    max-width: 66.66666666666667%;
  }

  .mobile\\\\:col-9 {
    flex: 0 0 75%;
    max-width: 75%;
  }

  .mobile\\\\:col-10 {
    flex: 0 0 83.33333333333334%;
    max-width: 83.33333333333334%;
  }

  .mobile\\\\:col-11 {
    flex: 0 0 91.66666666666667%;
    max-width: 91.66666666666667%;
  }

  .mobile\\\\:col-12 {
    flex: 0 0 100%;
    max-width: 100%;
  }

  .mobile\\\\:order-first {
    order: -1;
  }

  .mobile\\\\:order-last {
    order: 13;
  }

  .mobile\\\\:order-0 {
    order: 0;
  }

  .mobile\\\\:order-1 {
    order: 1;
  }

  .mobile\\\\:order-2 {
    order: 2;
  }

  .mobile\\\\:order-3 {
    order: 3;
  }

  .mobile\\\\:order-4 {
    order: 4;
  }

  .mobile\\\\:order-5 {
    order: 5;
  }

  .mobile\\\\:order-6 {
    order: 6;
  }

  .mobile\\\\:order-7 {
    order: 7;
  }

  .mobile\\\\:order-8 {
    order: 8;
  }

  .mobile\\\\:order-9 {
    order: 9;
  }

  .mobile\\\\:order-10 {
    order: 10;
  }

  .mobile\\\\:order-11 {
    order: 11;
  }

  .mobile\\\\:order-12 {
    order: 12;
  }

  .mobile\\\\:offset-0 {
    margin-left: 0%;
  }

  .mobile\\\\:offset-1 {
    margin-left: 8.333333333333334%;
  }

  .mobile\\\\:offset-2 {
    margin-left: 16.666666666666668%;
  }

  .mobile\\\\:offset-3 {
    margin-left: 25%;
  }

  .mobile\\\\:offset-4 {
    margin-left: 33.333333333333336%;
  }

  .mobile\\\\:offset-5 {
    margin-left: 41.66666666666667%;
  }

  .mobile\\\\:offset-6 {
    margin-left: 50%;
  }

  .mobile\\\\:offset-7 {
    margin-left: 58.333333333333336%;
  }

  .mobile\\\\:offset-8 {
    margin-left: 66.66666666666667%;
  }

  .mobile\\\\:offset-9 {
    margin-left: 75%;
  }

  .mobile\\\\:offset-10 {
    margin-left: 83.33333333333334%;
  }

  .mobile\\\\:offset-11 {
    margin-left: 91.66666666666667%;
  }
}

@media (min-width: 2em) {
  .tablet\\\\:container-fluid {
    width: 100%;
    padding-right: 15px;
    padding-left: 15px;
    margin-right: auto;
    margin-left: auto;
  }

  .tablet\\\\:col {
    flex-basis: 0;
    flex-grow: 1;
    max-width: 100%;
  }

  .tablet\\\\:col-auto {
    flex: 0 0 auto;
    width: auto;
    max-width: 100%;
  }

  .tablet\\\\:col-1 {
    flex: 0 0 8.333333333333334%;
    max-width: 8.333333333333334%;
  }

  .tablet\\\\:col-2 {
    flex: 0 0 16.666666666666668%;
    max-width: 16.666666666666668%;
  }

  .tablet\\\\:col-3 {
    flex: 0 0 25%;
    max-width: 25%;
  }

  .tablet\\\\:col-4 {
    flex: 0 0 33.333333333333336%;
    max-width: 33.333333333333336%;
  }

  .tablet\\\\:col-5 {
    flex: 0 0 41.66666666666667%;
    max-width: 41.66666666666667%;
  }

  .tablet\\\\:col-6 {
    flex: 0 0 50%;
    max-width: 50%;
  }

  .tablet\\\\:col-7 {
    flex: 0 0 58.333333333333336%;
    max-width: 58.333333333333336%;
  }

  .tablet\\\\:col-8 {
    flex: 0 0 66.66666666666667%;
    max-width: 66.66666666666667%;
  }

  .tablet\\\\:col-9 {
    flex: 0 0 75%;
    max-width: 75%;
  }

  .tablet\\\\:col-10 {
    flex: 0 0 83.33333333333334%;
    max-width: 83.33333333333334%;
  }

  .tablet\\\\:col-11 {
    flex: 0 0 91.66666666666667%;
    max-width: 91.66666666666667%;
  }

  .tablet\\\\:col-12 {
    flex: 0 0 100%;
    max-width: 100%;
  }

  .tablet\\\\:order-first {
    order: -1;
  }

  .tablet\\\\:order-last {
    order: 13;
  }

  .tablet\\\\:order-0 {
    order: 0;
  }

  .tablet\\\\:order-1 {
    order: 1;
  }

  .tablet\\\\:order-2 {
    order: 2;
  }

  .tablet\\\\:order-3 {
    order: 3;
  }

  .tablet\\\\:order-4 {
    order: 4;
  }

  .tablet\\\\:order-5 {
    order: 5;
  }

  .tablet\\\\:order-6 {
    order: 6;
  }

  .tablet\\\\:order-7 {
    order: 7;
  }

  .tablet\\\\:order-8 {
    order: 8;
  }

  .tablet\\\\:order-9 {
    order: 9;
  }

  .tablet\\\\:order-10 {
    order: 10;
  }

  .tablet\\\\:order-11 {
    order: 11;
  }

  .tablet\\\\:order-12 {
    order: 12;
  }

  .tablet\\\\:offset-0 {
    margin-left: 0%;
  }

  .tablet\\\\:offset-1 {
    margin-left: 8.333333333333334%;
  }

  .tablet\\\\:offset-2 {
    margin-left: 16.666666666666668%;
  }

  .tablet\\\\:offset-3 {
    margin-left: 25%;
  }

  .tablet\\\\:offset-4 {
    margin-left: 33.333333333333336%;
  }

  .tablet\\\\:offset-5 {
    margin-left: 41.66666666666667%;
  }

  .tablet\\\\:offset-6 {
    margin-left: 50%;
  }

  .tablet\\\\:offset-7 {
    margin-left: 58.333333333333336%;
  }

  .tablet\\\\:offset-8 {
    margin-left: 66.66666666666667%;
  }

  .tablet\\\\:offset-9 {
    margin-left: 75%;
  }

  .tablet\\\\:offset-10 {
    margin-left: 83.33333333333334%;
  }

  .tablet\\\\:offset-11 {
    margin-left: 91.66666666666667%;
  }
}

@media (min-width: 3em) {
  .desktop\\\\:container-fluid {
    width: 100%;
    padding-right: 15px;
    padding-left: 15px;
    margin-right: auto;
    margin-left: auto;
  }

  .desktop\\\\:col {
    flex-basis: 0;
    flex-grow: 1;
    max-width: 100%;
  }

  .desktop\\\\:col-auto {
    flex: 0 0 auto;
    width: auto;
    max-width: 100%;
  }

  .desktop\\\\:col-1 {
    flex: 0 0 8.333333333333334%;
    max-width: 8.333333333333334%;
  }

  .desktop\\\\:col-2 {
    flex: 0 0 16.666666666666668%;
    max-width: 16.666666666666668%;
  }

  .desktop\\\\:col-3 {
    flex: 0 0 25%;
    max-width: 25%;
  }

  .desktop\\\\:col-4 {
    flex: 0 0 33.333333333333336%;
    max-width: 33.333333333333336%;
  }

  .desktop\\\\:col-5 {
    flex: 0 0 41.66666666666667%;
    max-width: 41.66666666666667%;
  }

  .desktop\\\\:col-6 {
    flex: 0 0 50%;
    max-width: 50%;
  }

  .desktop\\\\:col-7 {
    flex: 0 0 58.333333333333336%;
    max-width: 58.333333333333336%;
  }

  .desktop\\\\:col-8 {
    flex: 0 0 66.66666666666667%;
    max-width: 66.66666666666667%;
  }

  .desktop\\\\:col-9 {
    flex: 0 0 75%;
    max-width: 75%;
  }

  .desktop\\\\:col-10 {
    flex: 0 0 83.33333333333334%;
    max-width: 83.33333333333334%;
  }

  .desktop\\\\:col-11 {
    flex: 0 0 91.66666666666667%;
    max-width: 91.66666666666667%;
  }

  .desktop\\\\:col-12 {
    flex: 0 0 100%;
    max-width: 100%;
  }

  .desktop\\\\:order-first {
    order: -1;
  }

  .desktop\\\\:order-last {
    order: 13;
  }

  .desktop\\\\:order-0 {
    order: 0;
  }

  .desktop\\\\:order-1 {
    order: 1;
  }

  .desktop\\\\:order-2 {
    order: 2;
  }

  .desktop\\\\:order-3 {
    order: 3;
  }

  .desktop\\\\:order-4 {
    order: 4;
  }

  .desktop\\\\:order-5 {
    order: 5;
  }

  .desktop\\\\:order-6 {
    order: 6;
  }

  .desktop\\\\:order-7 {
    order: 7;
  }

  .desktop\\\\:order-8 {
    order: 8;
  }

  .desktop\\\\:order-9 {
    order: 9;
  }

  .desktop\\\\:order-10 {
    order: 10;
  }

  .desktop\\\\:order-11 {
    order: 11;
  }

  .desktop\\\\:order-12 {
    order: 12;
  }

  .desktop\\\\:offset-0 {
    margin-left: 0%;
  }

  .desktop\\\\:offset-1 {
    margin-left: 8.333333333333334%;
  }

  .desktop\\\\:offset-2 {
    margin-left: 16.666666666666668%;
  }

  .desktop\\\\:offset-3 {
    margin-left: 25%;
  }

  .desktop\\\\:offset-4 {
    margin-left: 33.333333333333336%;
  }

  .desktop\\\\:offset-5 {
    margin-left: 41.66666666666667%;
  }

  .desktop\\\\:offset-6 {
    margin-left: 50%;
  }

  .desktop\\\\:offset-7 {
    margin-left: 58.333333333333336%;
  }

  .desktop\\\\:offset-8 {
    margin-left: 66.66666666666667%;
  }

  .desktop\\\\:offset-9 {
    margin-left: 75%;
  }

  .desktop\\\\:offset-10 {
    margin-left: 83.33333333333334%;
  }

  .desktop\\\\:offset-11 {
    margin-left: 91.66666666666667%;
  }
}
"
`;

exports[`tailwind-bootstrap-grid should handle rtl 1`] = `
".container {
  width: 100%;
  margin-right: auto;
  margin-left: auto;
  padding-right: 15px;
  padding-left: 15px;
}

@media (min-width: 1em) {
  .container {
    max-width: 1em;
  }
}

@media (min-width: 2em) {
  .container {
    max-width: 2em;
  }
}

.row.no-gutters {
  margin-right: 0;
  margin-left: 0;
}

.row.no-gutters > .col,

.row.no-gutters > .mobile\\\\:col,

.row.no-gutters > .desktop\\\\:col,

.row.no-gutters > [class*=\\"col-\\"],

.row.no-gutters > [class*=\\"mobile\\\\:col-\\"],

.row.no-gutters > [class*=\\"desktop\\\\:col-\\"] {
  padding-right: 0;
  padding-left: 0;
}

.container-fluid {
  width: 100%;
  padding-right: 15px;
  padding-left: 15px;
  margin-right: auto;
  margin-left: auto;
}

.row {
  display: flex;
  flex-wrap: wrap;
  margin-left: -15px;
  margin-right: -15px;
}

.col,
.mobile\\\\:col,
.desktop\\\\:col,
.col-auto,
.mobile\\\\:col-auto,
.desktop\\\\:col-auto,
.col-1,
.mobile\\\\:col-1,
.desktop\\\\:col-1,
.col-2,
.mobile\\\\:col-2,
.desktop\\\\:col-2,
.col-3,
.mobile\\\\:col-3,
.desktop\\\\:col-3 {
  position: relative;
  width: 100%;
  padding-right: 15px;
  padding-left: 15px;
}

.col {
  flex-basis: 0;
  flex-grow: 1;
  max-width: 100%;
}

.col-auto {
  flex: 0 0 auto;
  width: auto;
  max-width: 100%;
}

.col-1 {
  flex: 0 0 33.333333333333336%;
  max-width: 33.333333333333336%;
}

.col-2 {
  flex: 0 0 66.66666666666667%;
  max-width: 66.66666666666667%;
}

.col-3 {
  flex: 0 0 100%;
  max-width: 100%;
}

.order-first {
  order: -1;
}

.order-last {
  order: 4;
}

.order-0 {
  order: 0;
}

.order-1 {
  order: 1;
}

.order-2 {
  order: 2;
}

.order-3 {
  order: 3;
}

[dir=\\"ltr\\"] .offset-0 {
  margin-left: 0%;
}

[dir=\\"rtl\\"] .offset-0 {
  margin-right: 0%;
}

[dir=\\"ltr\\"] .offset-1 {
  margin-left: 33.333333333333336%;
}

[dir=\\"rtl\\"] .offset-1 {
  margin-right: 33.333333333333336%;
}

[dir=\\"ltr\\"] .offset-2 {
  margin-left: 66.66666666666667%;
}

[dir=\\"rtl\\"] .offset-2 {
  margin-right: 66.66666666666667%;
}

@media (min-width: 1em) {
  .mobile\\\\:container-fluid {
    width: 100%;
    padding-right: 15px;
    padding-left: 15px;
    margin-right: auto;
    margin-left: auto;
  }

  .mobile\\\\:col {
    flex-basis: 0;
    flex-grow: 1;
    max-width: 100%;
  }

  .mobile\\\\:col-auto {
    flex: 0 0 auto;
    width: auto;
    max-width: 100%;
  }

  .mobile\\\\:col-1 {
    flex: 0 0 33.333333333333336%;
    max-width: 33.333333333333336%;
  }

  .mobile\\\\:col-2 {
    flex: 0 0 66.66666666666667%;
    max-width: 66.66666666666667%;
  }

  .mobile\\\\:col-3 {
    flex: 0 0 100%;
    max-width: 100%;
  }

  .mobile\\\\:order-first {
    order: -1;
  }

  .mobile\\\\:order-last {
    order: 4;
  }

  .mobile\\\\:order-0 {
    order: 0;
  }

  .mobile\\\\:order-1 {
    order: 1;
  }

  .mobile\\\\:order-2 {
    order: 2;
  }

  .mobile\\\\:order-3 {
    order: 3;
  }

  [dir=\\"ltr\\"] .mobile\\\\:offset-0 {
    margin-left: 0%;
  }

  [dir=\\"rtl\\"] .mobile\\\\:offset-0 {
    margin-right: 0%;
  }

  [dir=\\"ltr\\"] .mobile\\\\:offset-1 {
    margin-left: 33.333333333333336%;
  }

  [dir=\\"rtl\\"] .mobile\\\\:offset-1 {
    margin-right: 33.333333333333336%;
  }

  [dir=\\"ltr\\"] .mobile\\\\:offset-2 {
    margin-left: 66.66666666666667%;
  }

  [dir=\\"rtl\\"] .mobile\\\\:offset-2 {
    margin-right: 66.66666666666667%;
  }
}

@media (min-width: 2em) {
  .desktop\\\\:container-fluid {
    width: 100%;
    padding-right: 15px;
    padding-left: 15px;
    margin-right: auto;
    margin-left: auto;
  }

  .desktop\\\\:col {
    flex-basis: 0;
    flex-grow: 1;
    max-width: 100%;
  }

  .desktop\\\\:col-auto {
    flex: 0 0 auto;
    width: auto;
    max-width: 100%;
  }

  .desktop\\\\:col-1 {
    flex: 0 0 33.333333333333336%;
    max-width: 33.333333333333336%;
  }

  .desktop\\\\:col-2 {
    flex: 0 0 66.66666666666667%;
    max-width: 66.66666666666667%;
  }

  .desktop\\\\:col-3 {
    flex: 0 0 100%;
    max-width: 100%;
  }

  .desktop\\\\:order-first {
    order: -1;
  }

  .desktop\\\\:order-last {
    order: 4;
  }

  .desktop\\\\:order-0 {
    order: 0;
  }

  .desktop\\\\:order-1 {
    order: 1;
  }

  .desktop\\\\:order-2 {
    order: 2;
  }

  .desktop\\\\:order-3 {
    order: 3;
  }

  [dir=\\"ltr\\"] .desktop\\\\:offset-0 {
    margin-left: 0%;
  }

  [dir=\\"rtl\\"] .desktop\\\\:offset-0 {
    margin-right: 0%;
  }

  [dir=\\"ltr\\"] .desktop\\\\:offset-1 {
    margin-left: 33.333333333333336%;
  }

  [dir=\\"rtl\\"] .desktop\\\\:offset-1 {
    margin-right: 33.333333333333336%;
  }

  [dir=\\"ltr\\"] .desktop\\\\:offset-2 {
    margin-left: 66.66666666666667%;
  }

  [dir=\\"rtl\\"] .desktop\\\\:offset-2 {
    margin-right: 66.66666666666667%;
  }
}
"
`;

exports[`tailwind-bootstrap-grid should handle rtl option and custom prefix, separator 1`] = `
".\\\\2705-container {
  width: 100%;
  margin-right: auto;
  margin-left: auto;
  padding-right: 15px;
  padding-left: 15px;
}

@media (min-width: 640px) {
  .\\\\2705-container {
    max-width: 540px;
  }
}

@media (min-width: 768px) {
  .\\\\2705-container {
    max-width: 720px;
  }
}

@media (min-width: 1024px) {
  .\\\\2705-container {
    max-width: 960px;
  }
}

@media (min-width: 1280px) {
  .\\\\2705-container {
    max-width: 1140px;
  }
}

.\\\\2705-row.\\\\2705-no-gutters {
  margin-right: 0;
  margin-left: 0;
}

.\\\\2705-row.\\\\2705-no-gutters > .\\\\2705-col,

.\\\\2705-row.\\\\2705-no-gutters > .\\\\2705-sm_\\\\1F6A7_col,

.\\\\2705-row.\\\\2705-no-gutters > .\\\\2705-md_\\\\1F6A7_col,

.\\\\2705-row.\\\\2705-no-gutters > .\\\\2705-lg_\\\\1F6A7_col,

.\\\\2705-row.\\\\2705-no-gutters > .\\\\2705-xl_\\\\1F6A7_col,

.\\\\2705-row.\\\\2705-no-gutters > [class*=\\"col-\\"],

.\\\\2705-row.\\\\2705-no-gutters > [class*=\\"sm_\\\\1F6A7_col-\\"],

.\\\\2705-row.\\\\2705-no-gutters > [class*=\\"md_\\\\1F6A7_col-\\"],

.\\\\2705-row.\\\\2705-no-gutters > [class*=\\"lg_\\\\1F6A7_col-\\"],

.\\\\2705-row.\\\\2705-no-gutters > [class*=\\"xl_\\\\1F6A7_col-\\"] {
  padding-right: 0;
  padding-left: 0;
}

.\\\\2705-container-fluid {
  width: 100%;
  padding-right: 15px;
  padding-left: 15px;
  margin-right: auto;
  margin-left: auto;
}

.\\\\2705-row {
  display: flex;
  flex-wrap: wrap;
  margin-left: -15px;
  margin-right: -15px;
}

.\\\\2705-col,
.\\\\2705-sm_\\\\1F6A7_col,
.\\\\2705-md_\\\\1F6A7_col,
.\\\\2705-lg_\\\\1F6A7_col,
.\\\\2705-xl_\\\\1F6A7_col,
.\\\\2705-col-auto,
.\\\\2705-sm_\\\\1F6A7_col-auto,
.\\\\2705-md_\\\\1F6A7_col-auto,
.\\\\2705-lg_\\\\1F6A7_col-auto,
.\\\\2705-xl_\\\\1F6A7_col-auto,
.\\\\2705-col-1,
.\\\\2705-sm_\\\\1F6A7_col-1,
.\\\\2705-md_\\\\1F6A7_col-1,
.\\\\2705-lg_\\\\1F6A7_col-1,
.\\\\2705-xl_\\\\1F6A7_col-1,
.\\\\2705-col-2,
.\\\\2705-sm_\\\\1F6A7_col-2,
.\\\\2705-md_\\\\1F6A7_col-2,
.\\\\2705-lg_\\\\1F6A7_col-2,
.\\\\2705-xl_\\\\1F6A7_col-2,
.\\\\2705-col-3,
.\\\\2705-sm_\\\\1F6A7_col-3,
.\\\\2705-md_\\\\1F6A7_col-3,
.\\\\2705-lg_\\\\1F6A7_col-3,
.\\\\2705-xl_\\\\1F6A7_col-3 {
  position: relative;
  width: 100%;
  padding-right: 15px;
  padding-left: 15px;
}

.\\\\2705-col {
  flex-basis: 0;
  flex-grow: 1;
  max-width: 100%;
}

.\\\\2705-col-auto {
  flex: 0 0 auto;
  width: auto;
  max-width: 100%;
}

.\\\\2705-col-1 {
  flex: 0 0 33.333333333333336%;
  max-width: 33.333333333333336%;
}

.\\\\2705-col-2 {
  flex: 0 0 66.66666666666667%;
  max-width: 66.66666666666667%;
}

.\\\\2705-col-3 {
  flex: 0 0 100%;
  max-width: 100%;
}

.\\\\2705-order-first {
  order: -1;
}

.\\\\2705-order-last {
  order: 4;
}

.\\\\2705-order-0 {
  order: 0;
}

.\\\\2705-order-1 {
  order: 1;
}

.\\\\2705-order-2 {
  order: 2;
}

.\\\\2705-order-3 {
  order: 3;
}

[dir=\\"ltr\\"] .\\\\2705-offset-0 {
  margin-left: 0%;
}

[dir=\\"rtl\\"] .\\\\2705-offset-0 {
  margin-right: 0%;
}

[dir=\\"ltr\\"] .\\\\2705-offset-1 {
  margin-left: 33.333333333333336%;
}

[dir=\\"rtl\\"] .\\\\2705-offset-1 {
  margin-right: 33.333333333333336%;
}

[dir=\\"ltr\\"] .\\\\2705-offset-2 {
  margin-left: 66.66666666666667%;
}

[dir=\\"rtl\\"] .\\\\2705-offset-2 {
  margin-right: 66.66666666666667%;
}

@media (min-width: 640px) {
  .sm_\\\\1F6A7_\\\\2705-container-fluid {
    width: 100%;
    padding-right: 15px;
    padding-left: 15px;
    margin-right: auto;
    margin-left: auto;
  }

  .sm_\\\\1F6A7_\\\\2705-col {
    flex-basis: 0;
    flex-grow: 1;
    max-width: 100%;
  }

  .sm_\\\\1F6A7_\\\\2705-col-auto {
    flex: 0 0 auto;
    width: auto;
    max-width: 100%;
  }

  .sm_\\\\1F6A7_\\\\2705-col-1 {
    flex: 0 0 33.333333333333336%;
    max-width: 33.333333333333336%;
  }

  .sm_\\\\1F6A7_\\\\2705-col-2 {
    flex: 0 0 66.66666666666667%;
    max-width: 66.66666666666667%;
  }

  .sm_\\\\1F6A7_\\\\2705-col-3 {
    flex: 0 0 100%;
    max-width: 100%;
  }

  .sm_\\\\1F6A7_\\\\2705-order-first {
    order: -1;
  }

  .sm_\\\\1F6A7_\\\\2705-order-last {
    order: 4;
  }

  .sm_\\\\1F6A7_\\\\2705-order-0 {
    order: 0;
  }

  .sm_\\\\1F6A7_\\\\2705-order-1 {
    order: 1;
  }

  .sm_\\\\1F6A7_\\\\2705-order-2 {
    order: 2;
  }

  .sm_\\\\1F6A7_\\\\2705-order-3 {
    order: 3;
  }

  [dir=\\"ltr\\"] .sm_\\\\1F6A7_\\\\2705-offset-0 {
    margin-left: 0%;
  }

  [dir=\\"rtl\\"] .sm_\\\\1F6A7_\\\\2705-offset-0 {
    margin-right: 0%;
  }

  [dir=\\"ltr\\"] .sm_\\\\1F6A7_\\\\2705-offset-1 {
    margin-left: 33.333333333333336%;
  }

  [dir=\\"rtl\\"] .sm_\\\\1F6A7_\\\\2705-offset-1 {
    margin-right: 33.333333333333336%;
  }

  [dir=\\"ltr\\"] .sm_\\\\1F6A7_\\\\2705-offset-2 {
    margin-left: 66.66666666666667%;
  }

  [dir=\\"rtl\\"] .sm_\\\\1F6A7_\\\\2705-offset-2 {
    margin-right: 66.66666666666667%;
  }
}

@media (min-width: 768px) {
  .md_\\\\1F6A7_\\\\2705-container-fluid {
    width: 100%;
    padding-right: 15px;
    padding-left: 15px;
    margin-right: auto;
    margin-left: auto;
  }

  .md_\\\\1F6A7_\\\\2705-col {
    flex-basis: 0;
    flex-grow: 1;
    max-width: 100%;
  }

  .md_\\\\1F6A7_\\\\2705-col-auto {
    flex: 0 0 auto;
    width: auto;
    max-width: 100%;
  }

  .md_\\\\1F6A7_\\\\2705-col-1 {
    flex: 0 0 33.333333333333336%;
    max-width: 33.333333333333336%;
  }

  .md_\\\\1F6A7_\\\\2705-col-2 {
    flex: 0 0 66.66666666666667%;
    max-width: 66.66666666666667%;
  }

  .md_\\\\1F6A7_\\\\2705-col-3 {
    flex: 0 0 100%;
    max-width: 100%;
  }

  .md_\\\\1F6A7_\\\\2705-order-first {
    order: -1;
  }

  .md_\\\\1F6A7_\\\\2705-order-last {
    order: 4;
  }

  .md_\\\\1F6A7_\\\\2705-order-0 {
    order: 0;
  }

  .md_\\\\1F6A7_\\\\2705-order-1 {
    order: 1;
  }

  .md_\\\\1F6A7_\\\\2705-order-2 {
    order: 2;
  }

  .md_\\\\1F6A7_\\\\2705-order-3 {
    order: 3;
  }

  [dir=\\"ltr\\"] .md_\\\\1F6A7_\\\\2705-offset-0 {
    margin-left: 0%;
  }

  [dir=\\"rtl\\"] .md_\\\\1F6A7_\\\\2705-offset-0 {
    margin-right: 0%;
  }

  [dir=\\"ltr\\"] .md_\\\\1F6A7_\\\\2705-offset-1 {
    margin-left: 33.333333333333336%;
  }

  [dir=\\"rtl\\"] .md_\\\\1F6A7_\\\\2705-offset-1 {
    margin-right: 33.333333333333336%;
  }

  [dir=\\"ltr\\"] .md_\\\\1F6A7_\\\\2705-offset-2 {
    margin-left: 66.66666666666667%;
  }

  [dir=\\"rtl\\"] .md_\\\\1F6A7_\\\\2705-offset-2 {
    margin-right: 66.66666666666667%;
  }
}

@media (min-width: 1024px) {
  .lg_\\\\1F6A7_\\\\2705-container-fluid {
    width: 100%;
    padding-right: 15px;
    padding-left: 15px;
    margin-right: auto;
    margin-left: auto;
  }

  .lg_\\\\1F6A7_\\\\2705-col {
    flex-basis: 0;
    flex-grow: 1;
    max-width: 100%;
  }

  .lg_\\\\1F6A7_\\\\2705-col-auto {
    flex: 0 0 auto;
    width: auto;
    max-width: 100%;
  }

  .lg_\\\\1F6A7_\\\\2705-col-1 {
    flex: 0 0 33.333333333333336%;
    max-width: 33.333333333333336%;
  }

  .lg_\\\\1F6A7_\\\\2705-col-2 {
    flex: 0 0 66.66666666666667%;
    max-width: 66.66666666666667%;
  }

  .lg_\\\\1F6A7_\\\\2705-col-3 {
    flex: 0 0 100%;
    max-width: 100%;
  }

  .lg_\\\\1F6A7_\\\\2705-order-first {
    order: -1;
  }

  .lg_\\\\1F6A7_\\\\2705-order-last {
    order: 4;
  }

  .lg_\\\\1F6A7_\\\\2705-order-0 {
    order: 0;
  }

  .lg_\\\\1F6A7_\\\\2705-order-1 {
    order: 1;
  }

  .lg_\\\\1F6A7_\\\\2705-order-2 {
    order: 2;
  }

  .lg_\\\\1F6A7_\\\\2705-order-3 {
    order: 3;
  }

  [dir=\\"ltr\\"] .lg_\\\\1F6A7_\\\\2705-offset-0 {
    margin-left: 0%;
  }

  [dir=\\"rtl\\"] .lg_\\\\1F6A7_\\\\2705-offset-0 {
    margin-right: 0%;
  }

  [dir=\\"ltr\\"] .lg_\\\\1F6A7_\\\\2705-offset-1 {
    margin-left: 33.333333333333336%;
  }

  [dir=\\"rtl\\"] .lg_\\\\1F6A7_\\\\2705-offset-1 {
    margin-right: 33.333333333333336%;
  }

  [dir=\\"ltr\\"] .lg_\\\\1F6A7_\\\\2705-offset-2 {
    margin-left: 66.66666666666667%;
  }

  [dir=\\"rtl\\"] .lg_\\\\1F6A7_\\\\2705-offset-2 {
    margin-right: 66.66666666666667%;
  }
}

@media (min-width: 1280px) {
  .xl_\\\\1F6A7_\\\\2705-container-fluid {
    width: 100%;
    padding-right: 15px;
    padding-left: 15px;
    margin-right: auto;
    margin-left: auto;
  }

  .xl_\\\\1F6A7_\\\\2705-col {
    flex-basis: 0;
    flex-grow: 1;
    max-width: 100%;
  }

  .xl_\\\\1F6A7_\\\\2705-col-auto {
    flex: 0 0 auto;
    width: auto;
    max-width: 100%;
  }

  .xl_\\\\1F6A7_\\\\2705-col-1 {
    flex: 0 0 33.333333333333336%;
    max-width: 33.333333333333336%;
  }

  .xl_\\\\1F6A7_\\\\2705-col-2 {
    flex: 0 0 66.66666666666667%;
    max-width: 66.66666666666667%;
  }

  .xl_\\\\1F6A7_\\\\2705-col-3 {
    flex: 0 0 100%;
    max-width: 100%;
  }

  .xl_\\\\1F6A7_\\\\2705-order-first {
    order: -1;
  }

  .xl_\\\\1F6A7_\\\\2705-order-last {
    order: 4;
  }

  .xl_\\\\1F6A7_\\\\2705-order-0 {
    order: 0;
  }

  .xl_\\\\1F6A7_\\\\2705-order-1 {
    order: 1;
  }

  .xl_\\\\1F6A7_\\\\2705-order-2 {
    order: 2;
  }

  .xl_\\\\1F6A7_\\\\2705-order-3 {
    order: 3;
  }

  [dir=\\"ltr\\"] .xl_\\\\1F6A7_\\\\2705-offset-0 {
    margin-left: 0%;
  }

  [dir=\\"rtl\\"] .xl_\\\\1F6A7_\\\\2705-offset-0 {
    margin-right: 0%;
  }

  [dir=\\"ltr\\"] .xl_\\\\1F6A7_\\\\2705-offset-1 {
    margin-left: 33.333333333333336%;
  }

  [dir=\\"rtl\\"] .xl_\\\\1F6A7_\\\\2705-offset-1 {
    margin-right: 33.333333333333336%;
  }

  [dir=\\"ltr\\"] .xl_\\\\1F6A7_\\\\2705-offset-2 {
    margin-left: 66.66666666666667%;
  }

  [dir=\\"rtl\\"] .xl_\\\\1F6A7_\\\\2705-offset-2 {
    margin-right: 66.66666666666667%;
  }
}
"
`;
