// Jest Snapshot v1, https://goo.gl/fbAQLP

exports[`should handle defaults 1`] = `
".container,
.container-fluid {
  width: 100% !important;
  margin-right: auto !important;
  margin-left: auto !important;
  padding-right: var(--bs-gutter-x, calc(1.5rem / 2)) !important;
  padding-left: var(--bs-gutter-x, calc(1.5rem / 2)) !important;
}
.container-mobile {
  width: 100% !important;
  margin-right: auto !important;
  margin-left: auto !important;
  padding-right: var(--bs-gutter-x, calc(1.5rem / 2)) !important;
  padding-left: var(--bs-gutter-x, calc(1.5rem / 2)) !important;
  max-width: 1em !important;
}
.container-tablet {
  width: 100% !important;
  margin-right: auto !important;
  margin-left: auto !important;
  padding-right: var(--bs-gutter-x, calc(1.5rem / 2)) !important;
  padding-left: var(--bs-gutter-x, calc(1.5rem / 2)) !important;
  max-width: 2em !important;
}
.container-desktop {
  width: 100% !important;
  margin-right: auto !important;
  margin-left: auto !important;
  padding-right: var(--bs-gutter-x, calc(1.5rem / 2)) !important;
  padding-left: var(--bs-gutter-x, calc(1.5rem / 2)) !important;
  max-width: 3em !important;
}
@media (min-width: 1em) {
  .container {
    max-width: 1em !important;
  }
}
@media (min-width: 2em) {
  .container {
    max-width: 2em !important;
  }
}
@media (min-width: 3em) {
  .container {
    max-width: 3em !important;
  }
}
.row {
  --bs-gutter-x: 1.5rem !important;
  --bs-gutter-y: 0 !important;
  display: flex !important;
  flex-wrap: wrap !important;
  margin-top: calc(var(--bs-gutter-y) * -1) !important;
  margin-right: calc(var(--bs-gutter-x) / -2) !important;
  margin-left: calc(var(--bs-gutter-x) / -2) !important;
}
.row > * {
  box-sizing: border-box !important;
  flex-shrink: 0 !important;
  width: 100% !important;
  max-width: 100% !important;
  padding-right: calc(var(--bs-gutter-x) / 2) !important;
  padding-left: calc(var(--bs-gutter-x) / 2) !important;
  margin-top: var(--bs-gutter-y) !important;
}
.col {
  flex: 1 0 0% !important;
}
.row-cols-auto > * {
  flex: 0 0 auto !important;
  width: auto !important;
}
.row-cols-1 > * {
  flex: 0 0 auto !important;
  width: 100% !important;
}
.row-cols-2 > * {
  flex: 0 0 auto !important;
  width: 50% !important;
}
.row-cols-3 > * {
  flex: 0 0 auto !important;
  width: 33.333333333333336% !important;
}
.row-cols-4 > * {
  flex: 0 0 auto !important;
  width: 25% !important;
}
.row-cols-5 > * {
  flex: 0 0 auto !important;
  width: 20% !important;
}
.row-cols-6 > * {
  flex: 0 0 auto !important;
  width: 16.666666666666668% !important;
}
.col-auto {
  flex: 0 0 auto !important;
  width: auto !important;
}
.col-1 {
  flex: 0 0 auto !important;
  width: 8.333333333333334% !important;
}
.col-2 {
  flex: 0 0 auto !important;
  width: 16.666666666666668% !important;
}
.col-3 {
  flex: 0 0 auto !important;
  width: 25% !important;
}
.col-4 {
  flex: 0 0 auto !important;
  width: 33.333333333333336% !important;
}
.col-5 {
  flex: 0 0 auto !important;
  width: 41.66666666666667% !important;
}
.col-6 {
  flex: 0 0 auto !important;
  width: 50% !important;
}
.col-7 {
  flex: 0 0 auto !important;
  width: 58.333333333333336% !important;
}
.col-8 {
  flex: 0 0 auto !important;
  width: 66.66666666666667% !important;
}
.col-9 {
  flex: 0 0 auto !important;
  width: 75% !important;
}
.col-10 {
  flex: 0 0 auto !important;
  width: 83.33333333333334% !important;
}
.col-11 {
  flex: 0 0 auto !important;
  width: 91.66666666666667% !important;
}
.col-12 {
  flex: 0 0 auto !important;
  width: 100% !important;
}
.offset-0 {
  margin-left: 0% !important;
}
.offset-1 {
  margin-left: 8.333333333333334% !important;
}
.offset-2 {
  margin-left: 16.666666666666668% !important;
}
.offset-3 {
  margin-left: 25% !important;
}
.offset-4 {
  margin-left: 33.333333333333336% !important;
}
.offset-5 {
  margin-left: 41.66666666666667% !important;
}
.offset-6 {
  margin-left: 50% !important;
}
.offset-7 {
  margin-left: 58.333333333333336% !important;
}
.offset-8 {
  margin-left: 66.66666666666667% !important;
}
.offset-9 {
  margin-left: 75% !important;
}
.offset-10 {
  margin-left: 83.33333333333334% !important;
}
.offset-11 {
  margin-left: 91.66666666666667% !important;
}
.g-0,
.gx-0 {
  --bs-gutter-x: 0 !important;
}
.g-0,
.gy-0 {
  --bs-gutter-y: 0 !important;
}
.order-first {
  order: -1 !important;
}
.order-last {
  order: 13 !important;
}
.order-0 {
  order: 0 !important;
}
.order-1 {
  order: 1 !important;
}
.order-2 {
  order: 2 !important;
}
.order-3 {
  order: 3 !important;
}
.order-4 {
  order: 4 !important;
}
.order-5 {
  order: 5 !important;
}
.order-6 {
  order: 6 !important;
}
.order-7 {
  order: 7 !important;
}
.order-8 {
  order: 8 !important;
}
.order-9 {
  order: 9 !important;
}
.order-10 {
  order: 10 !important;
}
.order-11 {
  order: 11 !important;
}
.order-12 {
  order: 12 !important;
}
@media (min-width: 1em) {
  .mobile\\\\:container,
  .container-fluid {
    width: 100% !important;
    margin-right: auto !important;
    margin-left: auto !important;
    padding-right: var(--bs-gutter-x, calc(1.5rem / 2)) !important;
    padding-left: var(--bs-gutter-x, calc(1.5rem / 2)) !important;
  }
  .container,
  .mobile\\\\:container-fluid {
    width: 100% !important;
    margin-right: auto !important;
    margin-left: auto !important;
    padding-right: var(--bs-gutter-x, calc(1.5rem / 2)) !important;
    padding-left: var(--bs-gutter-x, calc(1.5rem / 2)) !important;
  }
  .mobile\\\\:container-mobile {
    width: 100% !important;
    margin-right: auto !important;
    margin-left: auto !important;
    padding-right: var(--bs-gutter-x, calc(1.5rem / 2)) !important;
    padding-left: var(--bs-gutter-x, calc(1.5rem / 2)) !important;
    max-width: 1em !important;
  }
  .mobile\\\\:container-tablet {
    width: 100% !important;
    margin-right: auto !important;
    margin-left: auto !important;
    padding-right: var(--bs-gutter-x, calc(1.5rem / 2)) !important;
    padding-left: var(--bs-gutter-x, calc(1.5rem / 2)) !important;
    max-width: 2em !important;
  }
  .mobile\\\\:container-desktop {
    width: 100% !important;
    margin-right: auto !important;
    margin-left: auto !important;
    padding-right: var(--bs-gutter-x, calc(1.5rem / 2)) !important;
    padding-left: var(--bs-gutter-x, calc(1.5rem / 2)) !important;
    max-width: 3em !important;
  }
  @media (min-width: 1em) {
    .mobile\\\\:container {
      max-width: 1em !important;
    }
  }
  @media (min-width: 2em) {
    .mobile\\\\:container {
      max-width: 2em !important;
    }
  }
  @media (min-width: 3em) {
    .mobile\\\\:container {
      max-width: 3em !important;
    }
  }
  .mobile\\\\:row {
    --bs-gutter-x: 1.5rem !important;
    --bs-gutter-y: 0 !important;
    display: flex !important;
    flex-wrap: wrap !important;
    margin-top: calc(var(--bs-gutter-y) * -1) !important;
    margin-right: calc(var(--bs-gutter-x) / -2) !important;
    margin-left: calc(var(--bs-gutter-x) / -2) !important;
  }
  .mobile\\\\:row > * {
    box-sizing: border-box !important;
    flex-shrink: 0 !important;
    width: 100% !important;
    max-width: 100% !important;
    padding-right: calc(var(--bs-gutter-x) / 2) !important;
    padding-left: calc(var(--bs-gutter-x) / 2) !important;
    margin-top: var(--bs-gutter-y) !important;
  }
  .mobile\\\\:col {
    flex: 1 0 0% !important;
  }
  .mobile\\\\:row-cols-auto > * {
    flex: 0 0 auto !important;
    width: auto !important;
  }
  .mobile\\\\:row-cols-1 > * {
    flex: 0 0 auto !important;
    width: 100% !important;
  }
  .mobile\\\\:row-cols-2 > * {
    flex: 0 0 auto !important;
    width: 50% !important;
  }
  .mobile\\\\:row-cols-3 > * {
    flex: 0 0 auto !important;
    width: 33.333333333333336% !important;
  }
  .mobile\\\\:row-cols-4 > * {
    flex: 0 0 auto !important;
    width: 25% !important;
  }
  .mobile\\\\:row-cols-5 > * {
    flex: 0 0 auto !important;
    width: 20% !important;
  }
  .mobile\\\\:row-cols-6 > * {
    flex: 0 0 auto !important;
    width: 16.666666666666668% !important;
  }
  .mobile\\\\:col-auto {
    flex: 0 0 auto !important;
    width: auto !important;
  }
  .mobile\\\\:col-1 {
    flex: 0 0 auto !important;
    width: 8.333333333333334% !important;
  }
  .mobile\\\\:col-2 {
    flex: 0 0 auto !important;
    width: 16.666666666666668% !important;
  }
  .mobile\\\\:col-3 {
    flex: 0 0 auto !important;
    width: 25% !important;
  }
  .mobile\\\\:col-4 {
    flex: 0 0 auto !important;
    width: 33.333333333333336% !important;
  }
  .mobile\\\\:col-5 {
    flex: 0 0 auto !important;
    width: 41.66666666666667% !important;
  }
  .mobile\\\\:col-6 {
    flex: 0 0 auto !important;
    width: 50% !important;
  }
  .mobile\\\\:col-7 {
    flex: 0 0 auto !important;
    width: 58.333333333333336% !important;
  }
  .mobile\\\\:col-8 {
    flex: 0 0 auto !important;
    width: 66.66666666666667% !important;
  }
  .mobile\\\\:col-9 {
    flex: 0 0 auto !important;
    width: 75% !important;
  }
  .mobile\\\\:col-10 {
    flex: 0 0 auto !important;
    width: 83.33333333333334% !important;
  }
  .mobile\\\\:col-11 {
    flex: 0 0 auto !important;
    width: 91.66666666666667% !important;
  }
  .mobile\\\\:col-12 {
    flex: 0 0 auto !important;
    width: 100% !important;
  }
  .mobile\\\\:offset-0 {
    margin-left: 0% !important;
  }
  .mobile\\\\:offset-1 {
    margin-left: 8.333333333333334% !important;
  }
  .mobile\\\\:offset-2 {
    margin-left: 16.666666666666668% !important;
  }
  .mobile\\\\:offset-3 {
    margin-left: 25% !important;
  }
  .mobile\\\\:offset-4 {
    margin-left: 33.333333333333336% !important;
  }
  .mobile\\\\:offset-5 {
    margin-left: 41.66666666666667% !important;
  }
  .mobile\\\\:offset-6 {
    margin-left: 50% !important;
  }
  .mobile\\\\:offset-7 {
    margin-left: 58.333333333333336% !important;
  }
  .mobile\\\\:offset-8 {
    margin-left: 66.66666666666667% !important;
  }
  .mobile\\\\:offset-9 {
    margin-left: 75% !important;
  }
  .mobile\\\\:offset-10 {
    margin-left: 83.33333333333334% !important;
  }
  .mobile\\\\:offset-11 {
    margin-left: 91.66666666666667% !important;
  }
  .mobile\\\\:g-0,
  .gx-0 {
    --bs-gutter-x: 0 !important;
  }
  .g-0,
  .mobile\\\\:gx-0 {
    --bs-gutter-x: 0 !important;
  }
  .mobile\\\\:g-0,
  .gy-0 {
    --bs-gutter-y: 0 !important;
  }
  .g-0,
  .mobile\\\\:gy-0 {
    --bs-gutter-y: 0 !important;
  }
  .mobile\\\\:order-first {
    order: -1 !important;
  }
  .mobile\\\\:order-last {
    order: 13 !important;
  }
  .mobile\\\\:order-0 {
    order: 0 !important;
  }
  .mobile\\\\:order-1 {
    order: 1 !important;
  }
  .mobile\\\\:order-2 {
    order: 2 !important;
  }
  .mobile\\\\:order-3 {
    order: 3 !important;
  }
  .mobile\\\\:order-4 {
    order: 4 !important;
  }
  .mobile\\\\:order-5 {
    order: 5 !important;
  }
  .mobile\\\\:order-6 {
    order: 6 !important;
  }
  .mobile\\\\:order-7 {
    order: 7 !important;
  }
  .mobile\\\\:order-8 {
    order: 8 !important;
  }
  .mobile\\\\:order-9 {
    order: 9 !important;
  }
  .mobile\\\\:order-10 {
    order: 10 !important;
  }
  .mobile\\\\:order-11 {
    order: 11 !important;
  }
  .mobile\\\\:order-12 {
    order: 12 !important;
  }
}
@media (min-width: 2em) {
  .tablet\\\\:container,
  .container-fluid {
    width: 100% !important;
    margin-right: auto !important;
    margin-left: auto !important;
    padding-right: var(--bs-gutter-x, calc(1.5rem / 2)) !important;
    padding-left: var(--bs-gutter-x, calc(1.5rem / 2)) !important;
  }
  .container,
  .tablet\\\\:container-fluid {
    width: 100% !important;
    margin-right: auto !important;
    margin-left: auto !important;
    padding-right: var(--bs-gutter-x, calc(1.5rem / 2)) !important;
    padding-left: var(--bs-gutter-x, calc(1.5rem / 2)) !important;
  }
  .tablet\\\\:container-mobile {
    width: 100% !important;
    margin-right: auto !important;
    margin-left: auto !important;
    padding-right: var(--bs-gutter-x, calc(1.5rem / 2)) !important;
    padding-left: var(--bs-gutter-x, calc(1.5rem / 2)) !important;
    max-width: 1em !important;
  }
  .tablet\\\\:container-tablet {
    width: 100% !important;
    margin-right: auto !important;
    margin-left: auto !important;
    padding-right: var(--bs-gutter-x, calc(1.5rem / 2)) !important;
    padding-left: var(--bs-gutter-x, calc(1.5rem / 2)) !important;
    max-width: 2em !important;
  }
  .tablet\\\\:container-desktop {
    width: 100% !important;
    margin-right: auto !important;
    margin-left: auto !important;
    padding-right: var(--bs-gutter-x, calc(1.5rem / 2)) !important;
    padding-left: var(--bs-gutter-x, calc(1.5rem / 2)) !important;
    max-width: 3em !important;
  }
  @media (min-width: 1em) {
    .tablet\\\\:container {
      max-width: 1em !important;
    }
  }
  @media (min-width: 2em) {
    .tablet\\\\:container {
      max-width: 2em !important;
    }
  }
  @media (min-width: 3em) {
    .tablet\\\\:container {
      max-width: 3em !important;
    }
  }
  .tablet\\\\:row {
    --bs-gutter-x: 1.5rem !important;
    --bs-gutter-y: 0 !important;
    display: flex !important;
    flex-wrap: wrap !important;
    margin-top: calc(var(--bs-gutter-y) * -1) !important;
    margin-right: calc(var(--bs-gutter-x) / -2) !important;
    margin-left: calc(var(--bs-gutter-x) / -2) !important;
  }
  .tablet\\\\:row > * {
    box-sizing: border-box !important;
    flex-shrink: 0 !important;
    width: 100% !important;
    max-width: 100% !important;
    padding-right: calc(var(--bs-gutter-x) / 2) !important;
    padding-left: calc(var(--bs-gutter-x) / 2) !important;
    margin-top: var(--bs-gutter-y) !important;
  }
  .tablet\\\\:col {
    flex: 1 0 0% !important;
  }
  .tablet\\\\:row-cols-auto > * {
    flex: 0 0 auto !important;
    width: auto !important;
  }
  .tablet\\\\:row-cols-1 > * {
    flex: 0 0 auto !important;
    width: 100% !important;
  }
  .tablet\\\\:row-cols-2 > * {
    flex: 0 0 auto !important;
    width: 50% !important;
  }
  .tablet\\\\:row-cols-3 > * {
    flex: 0 0 auto !important;
    width: 33.333333333333336% !important;
  }
  .tablet\\\\:row-cols-4 > * {
    flex: 0 0 auto !important;
    width: 25% !important;
  }
  .tablet\\\\:row-cols-5 > * {
    flex: 0 0 auto !important;
    width: 20% !important;
  }
  .tablet\\\\:row-cols-6 > * {
    flex: 0 0 auto !important;
    width: 16.666666666666668% !important;
  }
  .tablet\\\\:col-auto {
    flex: 0 0 auto !important;
    width: auto !important;
  }
  .tablet\\\\:col-1 {
    flex: 0 0 auto !important;
    width: 8.333333333333334% !important;
  }
  .tablet\\\\:col-2 {
    flex: 0 0 auto !important;
    width: 16.666666666666668% !important;
  }
  .tablet\\\\:col-3 {
    flex: 0 0 auto !important;
    width: 25% !important;
  }
  .tablet\\\\:col-4 {
    flex: 0 0 auto !important;
    width: 33.333333333333336% !important;
  }
  .tablet\\\\:col-5 {
    flex: 0 0 auto !important;
    width: 41.66666666666667% !important;
  }
  .tablet\\\\:col-6 {
    flex: 0 0 auto !important;
    width: 50% !important;
  }
  .tablet\\\\:col-7 {
    flex: 0 0 auto !important;
    width: 58.333333333333336% !important;
  }
  .tablet\\\\:col-8 {
    flex: 0 0 auto !important;
    width: 66.66666666666667% !important;
  }
  .tablet\\\\:col-9 {
    flex: 0 0 auto !important;
    width: 75% !important;
  }
  .tablet\\\\:col-10 {
    flex: 0 0 auto !important;
    width: 83.33333333333334% !important;
  }
  .tablet\\\\:col-11 {
    flex: 0 0 auto !important;
    width: 91.66666666666667% !important;
  }
  .tablet\\\\:col-12 {
    flex: 0 0 auto !important;
    width: 100% !important;
  }
  .tablet\\\\:offset-0 {
    margin-left: 0% !important;
  }
  .tablet\\\\:offset-1 {
    margin-left: 8.333333333333334% !important;
  }
  .tablet\\\\:offset-2 {
    margin-left: 16.666666666666668% !important;
  }
  .tablet\\\\:offset-3 {
    margin-left: 25% !important;
  }
  .tablet\\\\:offset-4 {
    margin-left: 33.333333333333336% !important;
  }
  .tablet\\\\:offset-5 {
    margin-left: 41.66666666666667% !important;
  }
  .tablet\\\\:offset-6 {
    margin-left: 50% !important;
  }
  .tablet\\\\:offset-7 {
    margin-left: 58.333333333333336% !important;
  }
  .tablet\\\\:offset-8 {
    margin-left: 66.66666666666667% !important;
  }
  .tablet\\\\:offset-9 {
    margin-left: 75% !important;
  }
  .tablet\\\\:offset-10 {
    margin-left: 83.33333333333334% !important;
  }
  .tablet\\\\:offset-11 {
    margin-left: 91.66666666666667% !important;
  }
  .tablet\\\\:g-0,
  .gx-0 {
    --bs-gutter-x: 0 !important;
  }
  .g-0,
  .tablet\\\\:gx-0 {
    --bs-gutter-x: 0 !important;
  }
  .tablet\\\\:g-0,
  .gy-0 {
    --bs-gutter-y: 0 !important;
  }
  .g-0,
  .tablet\\\\:gy-0 {
    --bs-gutter-y: 0 !important;
  }
  .tablet\\\\:order-first {
    order: -1 !important;
  }
  .tablet\\\\:order-last {
    order: 13 !important;
  }
  .tablet\\\\:order-0 {
    order: 0 !important;
  }
  .tablet\\\\:order-1 {
    order: 1 !important;
  }
  .tablet\\\\:order-2 {
    order: 2 !important;
  }
  .tablet\\\\:order-3 {
    order: 3 !important;
  }
  .tablet\\\\:order-4 {
    order: 4 !important;
  }
  .tablet\\\\:order-5 {
    order: 5 !important;
  }
  .tablet\\\\:order-6 {
    order: 6 !important;
  }
  .tablet\\\\:order-7 {
    order: 7 !important;
  }
  .tablet\\\\:order-8 {
    order: 8 !important;
  }
  .tablet\\\\:order-9 {
    order: 9 !important;
  }
  .tablet\\\\:order-10 {
    order: 10 !important;
  }
  .tablet\\\\:order-11 {
    order: 11 !important;
  }
  .tablet\\\\:order-12 {
    order: 12 !important;
  }
}
@media (min-width: 3em) {
  .desktop\\\\:container,
  .container-fluid {
    width: 100% !important;
    margin-right: auto !important;
    margin-left: auto !important;
    padding-right: var(--bs-gutter-x, calc(1.5rem / 2)) !important;
    padding-left: var(--bs-gutter-x, calc(1.5rem / 2)) !important;
  }
  .container,
  .desktop\\\\:container-fluid {
    width: 100% !important;
    margin-right: auto !important;
    margin-left: auto !important;
    padding-right: var(--bs-gutter-x, calc(1.5rem / 2)) !important;
    padding-left: var(--bs-gutter-x, calc(1.5rem / 2)) !important;
  }
  .desktop\\\\:container-mobile {
    width: 100% !important;
    margin-right: auto !important;
    margin-left: auto !important;
    padding-right: var(--bs-gutter-x, calc(1.5rem / 2)) !important;
    padding-left: var(--bs-gutter-x, calc(1.5rem / 2)) !important;
    max-width: 1em !important;
  }
  .desktop\\\\:container-tablet {
    width: 100% !important;
    margin-right: auto !important;
    margin-left: auto !important;
    padding-right: var(--bs-gutter-x, calc(1.5rem / 2)) !important;
    padding-left: var(--bs-gutter-x, calc(1.5rem / 2)) !important;
    max-width: 2em !important;
  }
  .desktop\\\\:container-desktop {
    width: 100% !important;
    margin-right: auto !important;
    margin-left: auto !important;
    padding-right: var(--bs-gutter-x, calc(1.5rem / 2)) !important;
    padding-left: var(--bs-gutter-x, calc(1.5rem / 2)) !important;
    max-width: 3em !important;
  }
  @media (min-width: 1em) {
    .desktop\\\\:container {
      max-width: 1em !important;
    }
  }
  @media (min-width: 2em) {
    .desktop\\\\:container {
      max-width: 2em !important;
    }
  }
  @media (min-width: 3em) {
    .desktop\\\\:container {
      max-width: 3em !important;
    }
  }
  .desktop\\\\:row {
    --bs-gutter-x: 1.5rem !important;
    --bs-gutter-y: 0 !important;
    display: flex !important;
    flex-wrap: wrap !important;
    margin-top: calc(var(--bs-gutter-y) * -1) !important;
    margin-right: calc(var(--bs-gutter-x) / -2) !important;
    margin-left: calc(var(--bs-gutter-x) / -2) !important;
  }
  .desktop\\\\:row > * {
    box-sizing: border-box !important;
    flex-shrink: 0 !important;
    width: 100% !important;
    max-width: 100% !important;
    padding-right: calc(var(--bs-gutter-x) / 2) !important;
    padding-left: calc(var(--bs-gutter-x) / 2) !important;
    margin-top: var(--bs-gutter-y) !important;
  }
  .desktop\\\\:col {
    flex: 1 0 0% !important;
  }
  .desktop\\\\:row-cols-auto > * {
    flex: 0 0 auto !important;
    width: auto !important;
  }
  .desktop\\\\:row-cols-1 > * {
    flex: 0 0 auto !important;
    width: 100% !important;
  }
  .desktop\\\\:row-cols-2 > * {
    flex: 0 0 auto !important;
    width: 50% !important;
  }
  .desktop\\\\:row-cols-3 > * {
    flex: 0 0 auto !important;
    width: 33.333333333333336% !important;
  }
  .desktop\\\\:row-cols-4 > * {
    flex: 0 0 auto !important;
    width: 25% !important;
  }
  .desktop\\\\:row-cols-5 > * {
    flex: 0 0 auto !important;
    width: 20% !important;
  }
  .desktop\\\\:row-cols-6 > * {
    flex: 0 0 auto !important;
    width: 16.666666666666668% !important;
  }
  .desktop\\\\:col-auto {
    flex: 0 0 auto !important;
    width: auto !important;
  }
  .desktop\\\\:col-1 {
    flex: 0 0 auto !important;
    width: 8.333333333333334% !important;
  }
  .desktop\\\\:col-2 {
    flex: 0 0 auto !important;
    width: 16.666666666666668% !important;
  }
  .desktop\\\\:col-3 {
    flex: 0 0 auto !important;
    width: 25% !important;
  }
  .desktop\\\\:col-4 {
    flex: 0 0 auto !important;
    width: 33.333333333333336% !important;
  }
  .desktop\\\\:col-5 {
    flex: 0 0 auto !important;
    width: 41.66666666666667% !important;
  }
  .desktop\\\\:col-6 {
    flex: 0 0 auto !important;
    width: 50% !important;
  }
  .desktop\\\\:col-7 {
    flex: 0 0 auto !important;
    width: 58.333333333333336% !important;
  }
  .desktop\\\\:col-8 {
    flex: 0 0 auto !important;
    width: 66.66666666666667% !important;
  }
  .desktop\\\\:col-9 {
    flex: 0 0 auto !important;
    width: 75% !important;
  }
  .desktop\\\\:col-10 {
    flex: 0 0 auto !important;
    width: 83.33333333333334% !important;
  }
  .desktop\\\\:col-11 {
    flex: 0 0 auto !important;
    width: 91.66666666666667% !important;
  }
  .desktop\\\\:col-12 {
    flex: 0 0 auto !important;
    width: 100% !important;
  }
  .desktop\\\\:offset-0 {
    margin-left: 0% !important;
  }
  .desktop\\\\:offset-1 {
    margin-left: 8.333333333333334% !important;
  }
  .desktop\\\\:offset-2 {
    margin-left: 16.666666666666668% !important;
  }
  .desktop\\\\:offset-3 {
    margin-left: 25% !important;
  }
  .desktop\\\\:offset-4 {
    margin-left: 33.333333333333336% !important;
  }
  .desktop\\\\:offset-5 {
    margin-left: 41.66666666666667% !important;
  }
  .desktop\\\\:offset-6 {
    margin-left: 50% !important;
  }
  .desktop\\\\:offset-7 {
    margin-left: 58.333333333333336% !important;
  }
  .desktop\\\\:offset-8 {
    margin-left: 66.66666666666667% !important;
  }
  .desktop\\\\:offset-9 {
    margin-left: 75% !important;
  }
  .desktop\\\\:offset-10 {
    margin-left: 83.33333333333334% !important;
  }
  .desktop\\\\:offset-11 {
    margin-left: 91.66666666666667% !important;
  }
  .desktop\\\\:g-0,
  .gx-0 {
    --bs-gutter-x: 0 !important;
  }
  .g-0,
  .desktop\\\\:gx-0 {
    --bs-gutter-x: 0 !important;
  }
  .desktop\\\\:g-0,
  .gy-0 {
    --bs-gutter-y: 0 !important;
  }
  .g-0,
  .desktop\\\\:gy-0 {
    --bs-gutter-y: 0 !important;
  }
  .desktop\\\\:order-first {
    order: -1 !important;
  }
  .desktop\\\\:order-last {
    order: 13 !important;
  }
  .desktop\\\\:order-0 {
    order: 0 !important;
  }
  .desktop\\\\:order-1 {
    order: 1 !important;
  }
  .desktop\\\\:order-2 {
    order: 2 !important;
  }
  .desktop\\\\:order-3 {
    order: 3 !important;
  }
  .desktop\\\\:order-4 {
    order: 4 !important;
  }
  .desktop\\\\:order-5 {
    order: 5 !important;
  }
  .desktop\\\\:order-6 {
    order: 6 !important;
  }
  .desktop\\\\:order-7 {
    order: 7 !important;
  }
  .desktop\\\\:order-8 {
    order: 8 !important;
  }
  .desktop\\\\:order-9 {
    order: 9 !important;
  }
  .desktop\\\\:order-10 {
    order: 10 !important;
  }
  .desktop\\\\:order-11 {
    order: 11 !important;
  }
  .desktop\\\\:order-12 {
    order: 12 !important;
  }
}
"
`;
