// Jest Snapshot v1, https://goo.gl/fbAQLP

exports[`should handle grid gutters 1`] = `
".container, .container-fluid {
  width: 100%;
  margin-right: auto;
  margin-left: auto;
  padding-right: var(--bs-gutter-x, calc(1em / 2));
  padding-left: var(--bs-gutter-x, calc(1em / 2));
}

@media (min-width: 60em) {
  .container {
    max-width: 60em;
  }
}

@media (min-width: 80em) {
  .container {
    max-width: 80em;
  }
}

@media (min-width: 120em) {
  .container {
    max-width: 120em;
  }
}

.row {
  --bs-gutter-x: 1em;
  --bs-gutter-y: 0;
  display: flex;
  flex-wrap: wrap;
  margin-top: calc(var(--bs-gutter-y) * -1);
  margin-right: calc(var(--bs-gutter-x) / -2);
  margin-left: calc(var(--bs-gutter-x) / -2);
}

.row > * {
  box-sizing: border-box;
  flex-shrink: 0;
  width: 100%;
  max-width: 100%;
  padding-right: calc(var(--bs-gutter-x) / 2);
  padding-left: calc(var(--bs-gutter-x) / 2);
  margin-top: var(--bs-gutter-y);
}

.col {
  flex: 1 0 0%;
}

.row-cols-auto > * {
  flex: 0 0 auto;
  width: auto;
}

.row-cols-1 > * {
  flex: 0 0 auto;
  width: 100%;
}

.col-auto {
  flex: 0 0 auto;
  width: auto;
}

.col-1 {
  flex: 0 0 auto;
  width: 33.333333333333336%;
}

.col-2 {
  flex: 0 0 auto;
  width: 66.66666666666667%;
}

.col-3 {
  flex: 0 0 auto;
  width: 100%;
}

.offset-0 {
  margin-left: 0%;
}

.offset-1 {
  margin-left: 33.333333333333336%;
}

.offset-2 {
  margin-left: 66.66666666666667%;
}

.g-0, .gx-0 {
  --bs-gutter-x: 0;
}

.g-0, .gy-0 {
  --bs-gutter-y: 0;
}

.g-1, .gx-1 {
  --bs-gutter-x: .25rem;
}

.g-1, .gy-1 {
  --bs-gutter-y: .25rem;
}

.g-2, .gx-2 {
  --bs-gutter-x: .5rem;
}

.g-2, .gy-2 {
  --bs-gutter-y: .5rem;
}

.g-3, .gx-3 {
  --bs-gutter-x: 1rem;
}

.g-3, .gy-3 {
  --bs-gutter-y: 1rem;
}

.g-4, .gx-4 {
  --bs-gutter-x: 1.5rem;
}

.g-4, .gy-4 {
  --bs-gutter-y: 1.5rem;
}

.g-5, .gx-5 {
  --bs-gutter-x: 3rem;
}

.g-5, .gy-5 {
  --bs-gutter-y: 3rem;
}

.order-first {
  order: -1;
}

.order-last {
  order: 4;
}

.order-0 {
  order: 0;
}

.order-1 {
  order: 1;
}

.order-2 {
  order: 2;
}

.order-3 {
  order: 3;
}

@media (min-width: 60em) {
  .mobile\\\\:col {
    flex: 1 0 0%;
  }

  .mobile\\\\:row-cols-auto > * {
    flex: 0 0 auto;
    width: auto;
  }

  .mobile\\\\:row-cols-1 > * {
    flex: 0 0 auto;
    width: 100%;
  }

  .mobile\\\\:col-auto {
    flex: 0 0 auto;
    width: auto;
  }

  .mobile\\\\:col-1 {
    flex: 0 0 auto;
    width: 33.333333333333336%;
  }

  .mobile\\\\:col-2 {
    flex: 0 0 auto;
    width: 66.66666666666667%;
  }

  .mobile\\\\:col-3 {
    flex: 0 0 auto;
    width: 100%;
  }

  .mobile\\\\:offset-0 {
    margin-left: 0%;
  }

  .mobile\\\\:offset-1 {
    margin-left: 33.333333333333336%;
  }

  .mobile\\\\:offset-2 {
    margin-left: 66.66666666666667%;
  }

  .mobile\\\\:g-0, .mobile\\\\:gx-0 {
    --bs-gutter-x: 0;
  }

  .mobile\\\\:g-0, .mobile\\\\:gy-0 {
    --bs-gutter-y: 0;
  }

  .mobile\\\\:g-1, .mobile\\\\:gx-1 {
    --bs-gutter-x: .25rem;
  }

  .mobile\\\\:g-1, .mobile\\\\:gy-1 {
    --bs-gutter-y: .25rem;
  }

  .mobile\\\\:g-2, .mobile\\\\:gx-2 {
    --bs-gutter-x: .5rem;
  }

  .mobile\\\\:g-2, .mobile\\\\:gy-2 {
    --bs-gutter-y: .5rem;
  }

  .mobile\\\\:g-3, .mobile\\\\:gx-3 {
    --bs-gutter-x: 1rem;
  }

  .mobile\\\\:g-3, .mobile\\\\:gy-3 {
    --bs-gutter-y: 1rem;
  }

  .mobile\\\\:g-4, .mobile\\\\:gx-4 {
    --bs-gutter-x: 1.5rem;
  }

  .mobile\\\\:g-4, .mobile\\\\:gy-4 {
    --bs-gutter-y: 1.5rem;
  }

  .mobile\\\\:g-5, .mobile\\\\:gx-5 {
    --bs-gutter-x: 3rem;
  }

  .mobile\\\\:g-5, .mobile\\\\:gy-5 {
    --bs-gutter-y: 3rem;
  }

  .mobile\\\\:order-first {
    order: -1;
  }

  .mobile\\\\:order-last {
    order: 4;
  }

  .mobile\\\\:order-0 {
    order: 0;
  }

  .mobile\\\\:order-1 {
    order: 1;
  }

  .mobile\\\\:order-2 {
    order: 2;
  }

  .mobile\\\\:order-3 {
    order: 3;
  }
}

@media (min-width: 80em) {
  .tablet\\\\:col {
    flex: 1 0 0%;
  }

  .tablet\\\\:row-cols-auto > * {
    flex: 0 0 auto;
    width: auto;
  }

  .tablet\\\\:row-cols-1 > * {
    flex: 0 0 auto;
    width: 100%;
  }

  .tablet\\\\:col-auto {
    flex: 0 0 auto;
    width: auto;
  }

  .tablet\\\\:col-1 {
    flex: 0 0 auto;
    width: 33.333333333333336%;
  }

  .tablet\\\\:col-2 {
    flex: 0 0 auto;
    width: 66.66666666666667%;
  }

  .tablet\\\\:col-3 {
    flex: 0 0 auto;
    width: 100%;
  }

  .tablet\\\\:offset-0 {
    margin-left: 0%;
  }

  .tablet\\\\:offset-1 {
    margin-left: 33.333333333333336%;
  }

  .tablet\\\\:offset-2 {
    margin-left: 66.66666666666667%;
  }

  .tablet\\\\:g-0, .tablet\\\\:gx-0 {
    --bs-gutter-x: 0;
  }

  .tablet\\\\:g-0, .tablet\\\\:gy-0 {
    --bs-gutter-y: 0;
  }

  .tablet\\\\:g-1, .tablet\\\\:gx-1 {
    --bs-gutter-x: .25rem;
  }

  .tablet\\\\:g-1, .tablet\\\\:gy-1 {
    --bs-gutter-y: .25rem;
  }

  .tablet\\\\:g-2, .tablet\\\\:gx-2 {
    --bs-gutter-x: .5rem;
  }

  .tablet\\\\:g-2, .tablet\\\\:gy-2 {
    --bs-gutter-y: .5rem;
  }

  .tablet\\\\:g-3, .tablet\\\\:gx-3 {
    --bs-gutter-x: 1rem;
  }

  .tablet\\\\:g-3, .tablet\\\\:gy-3 {
    --bs-gutter-y: 1rem;
  }

  .tablet\\\\:g-4, .tablet\\\\:gx-4 {
    --bs-gutter-x: 1.5rem;
  }

  .tablet\\\\:g-4, .tablet\\\\:gy-4 {
    --bs-gutter-y: 1.5rem;
  }

  .tablet\\\\:g-5, .tablet\\\\:gx-5 {
    --bs-gutter-x: 3rem;
  }

  .tablet\\\\:g-5, .tablet\\\\:gy-5 {
    --bs-gutter-y: 3rem;
  }

  .tablet\\\\:order-first {
    order: -1;
  }

  .tablet\\\\:order-last {
    order: 4;
  }

  .tablet\\\\:order-0 {
    order: 0;
  }

  .tablet\\\\:order-1 {
    order: 1;
  }

  .tablet\\\\:order-2 {
    order: 2;
  }

  .tablet\\\\:order-3 {
    order: 3;
  }
}

@media (min-width: 120em) {
  .desktop\\\\:col {
    flex: 1 0 0%;
  }

  .desktop\\\\:row-cols-auto > * {
    flex: 0 0 auto;
    width: auto;
  }

  .desktop\\\\:row-cols-1 > * {
    flex: 0 0 auto;
    width: 100%;
  }

  .desktop\\\\:col-auto {
    flex: 0 0 auto;
    width: auto;
  }

  .desktop\\\\:col-1 {
    flex: 0 0 auto;
    width: 33.333333333333336%;
  }

  .desktop\\\\:col-2 {
    flex: 0 0 auto;
    width: 66.66666666666667%;
  }

  .desktop\\\\:col-3 {
    flex: 0 0 auto;
    width: 100%;
  }

  .desktop\\\\:offset-0 {
    margin-left: 0%;
  }

  .desktop\\\\:offset-1 {
    margin-left: 33.333333333333336%;
  }

  .desktop\\\\:offset-2 {
    margin-left: 66.66666666666667%;
  }

  .desktop\\\\:g-0, .desktop\\\\:gx-0 {
    --bs-gutter-x: 0;
  }

  .desktop\\\\:g-0, .desktop\\\\:gy-0 {
    --bs-gutter-y: 0;
  }

  .desktop\\\\:g-1, .desktop\\\\:gx-1 {
    --bs-gutter-x: .25rem;
  }

  .desktop\\\\:g-1, .desktop\\\\:gy-1 {
    --bs-gutter-y: .25rem;
  }

  .desktop\\\\:g-2, .desktop\\\\:gx-2 {
    --bs-gutter-x: .5rem;
  }

  .desktop\\\\:g-2, .desktop\\\\:gy-2 {
    --bs-gutter-y: .5rem;
  }

  .desktop\\\\:g-3, .desktop\\\\:gx-3 {
    --bs-gutter-x: 1rem;
  }

  .desktop\\\\:g-3, .desktop\\\\:gy-3 {
    --bs-gutter-y: 1rem;
  }

  .desktop\\\\:g-4, .desktop\\\\:gx-4 {
    --bs-gutter-x: 1.5rem;
  }

  .desktop\\\\:g-4, .desktop\\\\:gy-4 {
    --bs-gutter-y: 1.5rem;
  }

  .desktop\\\\:g-5, .desktop\\\\:gx-5 {
    --bs-gutter-x: 3rem;
  }

  .desktop\\\\:g-5, .desktop\\\\:gy-5 {
    --bs-gutter-y: 3rem;
  }

  .desktop\\\\:order-first {
    order: -1;
  }

  .desktop\\\\:order-last {
    order: 4;
  }

  .desktop\\\\:order-0 {
    order: 0;
  }

  .desktop\\\\:order-1 {
    order: 1;
  }

  .desktop\\\\:order-2 {
    order: 2;
  }

  .desktop\\\\:order-3 {
    order: 3;
  }
}
"
`;
